// Jest Snapshot v1, https://goo.gl/fbAQLP

exports[`Test on CounterApp snapshot tith the wrapper 1`] = `
<Fragment>
  <h4>
    CounterApp
  </h4>
  <h5>
     
    0
     
  </h5>
  <button
    onClick={[Function]}
  >
    +1
  </button>
  <button
    onClick={[Function]}
  >
    Reset
  </button>
  <button
    onClick={[Function]}
  >
    -1
  </button>
</Fragment>
`;
