// Jest Snapshot v1, https://goo.gl/fbAQLP

exports[`test on PrimeraApp should to show <PrimeraApp /> 1`] = `
<Fragment>
  <h5>
    Hola mundo
  </h5>
  <p>
    Soy un subtitulo
  </p>
</Fragment>
`;
